// Jest Snapshot v1, https://goo.gl/fbAQLP

exports[`Pruebas en <Card /> Debe hacer match con el Snapshot 1`] = `
<div>
  <div
    class="card"
  >
    <div
      class="card-container"
    >
      <img
        alt="Saitama"
        class="img-gif"
        src="https://one-punch.com/saitama.jpg"
      />
    </div>
    <div
      class="card-title"
    >
      <span>
        Saitama
      </span>
    </div>
  </div>
</div>
`;
